This is pdfTeX, Version 3.1415926-1.40.10 (MiKTeX 2.8) (preloaded format=latex 2010.7.7)  17 DEC 2010 18:25
entering extended mode
**C:/sw55/Docs/test.tex
(C:/sw55/Docs/test.tex
LaTeX2e <2009/09/24>
Babel <v3.8l> and hyphenation patterns for english, dumylang, nohyphenation, ge
rman, ngerman, german-x-2009-06-19, ngerman-x-2009-06-19, french, loaded.
! Missing $ inserted.
<inserted text> 
                $
l.1 \sum
        \sum\mathds{}'\grave{\int} \begin{center}
? 
! Emergency stop.
<inserted text> 
                $
l.1 \sum
        \sum\mathds{}'\grave{\int} \begin{center}
End of file on the terminal!

 
Here is how much of TeX's memory you used:
 7 strings out of 495286
 111 string characters out of 3180373
 45037 words of memory out of 3000000
 3306 multiletter control sequences out of 15000+200000
 3640 words of font info for 14 fonts, out of 3000000 for 9000
 14 hyphenation exceptions out of 8191
 5i,0n,1p,70b,8s stack positions out of 5000i,500n,10000p,200000b,50000s
No pages of output.
